🎯 COMPREHENSIVE TEST REPORT
================================================================================
📅 Generated: 2025-07-09 18:25:06
⏱️  Total Execution Time: 0.08 seconds
📊 Overall Success Rate: 96.2%

📈 OVERALL SUMMARY
------------------------------
✅ Passed: 77
❌ Failed: 3
📋 Total: 80

📂 CATEGORY BREAKDOWN
------------------------------
🟢 Basic Math: 8/8 (100.0%)
🟢 Advanced Math: 4/4 (100.0%)
🟢 Basic Punctuation: 6/6 (100.0%)
🟡 Advanced Punctuation: 3/4 (75.0%)
🟢 Email Addresses: 4/4 (100.0%)
🟢 Web URLs: 3/3 (100.0%)
🟢 Money Amounts: 5/5 (100.0%)
🟢 Percentages: 3/3 (100.0%)
🟢 Social Media: 4/4 (100.0%)
🟢 Programming & Technical: 5/5 (100.0%)
🟢 Parentheses: 3/3 (100.0%)
🟢 Brackets & Braces: 3/3 (100.0%)
🟢 Multiple Symbols: 3/3 (100.0%)
🟢 Context-Dependent: 3/3 (100.0%)
🔴 Mixed Content: 1/2 (50.0%)
🟢 Alternative Pronunciations: 8/8 (100.0%)
🟢 Complex Sentences: 4/4 (100.0%)
🟡 Stress Test Cases: 4/5 (80.0%)
🟢 Speed Test: 3/3 (100.0%)

❌ FAILED TESTS DETAILS
------------------------------
Test 21 (Advanced Punctuation):
  Input: List items comma separated by comma commas
  Expected: List items, separated by, commas
  Actual: List items, separated by,,s

Test 60 (Mixed Content):
  Input: Question mark Did you pay the twenty dollar fee exclamation mark
  Expected: ? Did you pay the $20 fee !
  Actual: ? Did you pay the $20 fee!

Test 73 (Stress Test Cases):
  Input: Multiple commas comma comma comma in sequence
  Expected: Multiple commas, comma, comma in sequence
  Actual: Multiple,s,,, in sequence

⚡ PERFORMANCE ANALYSIS
------------------------------
Average execution time: 0.0009s
Fastest test: 0.0000s
Slowest test: 0.0140s

💡 RECOMMENDATIONS
------------------------------
🎉 Excellent! Your pipeline is working very well.
   Consider adding more edge cases for robustness.

🔧 PRIORITY IMPROVEMENTS:
   • Mixed Content: 50.0% success rate
   • Advanced Punctuation: 75.0% success rate
   • Stress Test Cases: 80.0% success rate